#
# There is insufficient memory for the Java Runtime Environment to continue.
# Native memory allocation (malloc) failed to allocate 68256 bytes. Error detail: Chunk::new
# Possible reasons:
#   The system is out of physical RAM or swap space
#   This process is running with CompressedOops enabled, and the Java Heap may be blocking the growth of the native heap
# Possible solutions:
#   Reduce memory load on the system
#   Increase physical memory or swap space
#   Check if swap backing store is full
#   Decrease Java heap size (-Xmx/-Xms)
#   Decrease number of Java threads
#   Decrease Java thread stack sizes (-Xss)
#   Set larger code cache with -XX:ReservedCodeCacheSize=
#   JVM is running with Unscaled Compressed Oops mode in which the Java heap is
#     placed in the first 4GB address space. The Java Heap base address is the
#     maximum limit for the native heap growth. Please use -XX:HeapBaseMinAddress
#     to set the Java Heap base and to place the Java Heap above 4GB virtual address.
# This output file may be truncated or incomplete.
#
#  Out of Memory Error (arena.cpp:168), pid=9920, tid=21984
#
# JRE version: OpenJDK Runtime Environment Temurin-21.0.8+9 (21.0.8+9) (build 21.0.8+9-LTS)
# Java VM: OpenJDK 64-Bit Server VM Temurin-21.0.8+9 (21.0.8+9-LTS, mixed mode, sharing, tiered, compressed oops, compressed class ptrs, parallel gc, windows-amd64)
# No core dump will be written. Minidumps are not enabled by default on client versions of Windows
#

---------------  S U M M A R Y ------------

Command Line: --add-modules=ALL-SYSTEM --add-opens=java.base/java.util=ALL-UNNAMED --add-opens=java.base/java.lang=ALL-UNNAMED --add-opens=java.base/sun.nio.fs=ALL-UNNAMED -Declipse.application=org.eclipse.jdt.ls.core.id1 -Dosgi.bundles.defaultStartLevel=4 -Declipse.product=org.eclipse.jdt.ls.core.product -Djava.import.generatesMetadataFilesAtProjectRoot=false -DDetectVMInstallationsJob.disabled=true -Dfile.encoding=utf8 -XX:+UseParallelGC -XX:GCTimeRatio=4 -XX:AdaptiveSizePolicyWeight=90 -Dsun.zip.disableMemoryMapping=true -Xmx2G -Xms100m -Xlog:disable -javaagent:c:\Users\Voary\.vscode\extensions\redhat.java-1.47.0-win32-x64\lombok\lombok-1.18.39-4050.jar c:\Users\Voary\.vscode\extensions\redhat.java-1.47.0-win32-x64\server\plugins\org.eclipse.equinox.launcher_1.7.100.v20251014-1222.jar -configuration c:\Users\Voary\AppData\Roaming\Code\User\globalStorage\redhat.java\1.47.0\config_ss_win -data c:\Users\Voary\AppData\Roaming\Code\User\workspaceStorage\5295a063f70e5618d1568d30b99b9ba0\redhat.java\ss_ws --pipe=\\.\pipe\lsp-e5aacaa2e63eac77ac08ba92690bfb6e-sock

Host: Intel(R) Core(TM) i7-7700HQ CPU @ 2.80GHz, 8 cores, 15G,  Windows 11 , 64 bit Build 22621 (10.0.22621.5415)
Time: Tue Nov 18 08:39:09 2025 elapsed time: 1.457015 seconds (0d 0h 0m 1s)

---------------  T H R E A D  ---------------

Current thread (0x000002f15a455d00):  JavaThread "C2 CompilerThread1" daemon [_thread_in_native, id=21984, stack(0x000000f60d000000,0x000000f60d100000) (1024K)]


Current CompileTask:
C2:1457 1378       4       org.lombokweb.asm.ClassReader::readUtf (161 bytes)

Stack: [0x000000f60d000000,0x000000f60d100000]
Native frames: (J=compiled Java code, j=interpreted, Vv=VM code, C=native code)
V  [jvm.dll+0x6d2449]
V  [jvm.dll+0x8ae341]
V  [jvm.dll+0x8b08be]
V  [jvm.dll+0x8b0fa3]
V  [jvm.dll+0x280c96]
V  [jvm.dll+0xc581d]
V  [jvm.dll+0xc5d53]
V  [jvm.dll+0x2f539d]
V  [jvm.dll+0x5fa00a]
V  [jvm.dll+0x252092]
V  [jvm.dll+0x24aa06]
V  [jvm.dll+0x2483a4]
V  [jvm.dll+0x1c89ee]
V  [jvm.dll+0x257d4d]
V  [jvm.dll+0x2562ea]
V  [jvm.dll+0x3f2d16]
V  [jvm.dll+0x857e6b]
V  [jvm.dll+0x6d0b0d]
C  [ucrtbase.dll+0x29333]
C  [KERNEL32.DLL+0x1259d]
C  [ntdll.dll+0x5af78]


---------------  P R O C E S S  ---------------

Threads class SMR info:
_java_thread_list=0x000002f15a456f90, length=13, elements={
0x000002f17c84af60, 0x000002f1135ccb10, 0x000002f1135d0280, 0x000002f1135d2200,
0x000002f1135d52a0, 0x000002f1135d6900, 0x000002f1135dd130, 0x000002f1135e11d0,
0x000002f1135deb70, 0x000002f15a0e8fd0, 0x000002f15a0e7590, 0x000002f15a455d00,
0x000002f15a5aedd0
}

Java Threads: ( => current thread )
  0x000002f17c84af60 JavaThread "main"                              [_thread_in_vm, id=19728, stack(0x000000f60c200000,0x000000f60c300000) (1024K)]
  0x000002f1135ccb10 JavaThread "Reference Handler"          daemon [_thread_blocked, id=22596, stack(0x000000f60c600000,0x000000f60c700000) (1024K)]
  0x000002f1135d0280 JavaThread "Finalizer"                  daemon [_thread_blocked, id=5104, stack(0x000000f60c700000,0x000000f60c800000) (1024K)]
  0x000002f1135d2200 JavaThread "Signal Dispatcher"          daemon [_thread_blocked, id=11124, stack(0x000000f60c800000,0x000000f60c900000) (1024K)]
  0x000002f1135d52a0 JavaThread "Attach Listener"            daemon [_thread_blocked, id=22940, stack(0x000000f60c900000,0x000000f60ca00000) (1024K)]
  0x000002f1135d6900 JavaThread "Service Thread"             daemon [_thread_blocked, id=11000, stack(0x000000f60ca00000,0x000000f60cb00000) (1024K)]
  0x000002f1135dd130 JavaThread "Monitor Deflation Thread"   daemon [_thread_blocked, id=19868, stack(0x000000f60cb00000,0x000000f60cc00000) (1024K)]
  0x000002f1135e11d0 JavaThread "C2 CompilerThread0"         daemon [_thread_in_native, id=18528, stack(0x000000f60cc00000,0x000000f60cd00000) (1024K)]
  0x000002f1135deb70 JavaThread "C1 CompilerThread0"         daemon [_thread_in_native, id=5720, stack(0x000000f60cd00000,0x000000f60ce00000) (1024K)]
  0x000002f15a0e8fd0 JavaThread "Common-Cleaner"             daemon [_thread_blocked, id=316, stack(0x000000f60ce00000,0x000000f60cf00000) (1024K)]
  0x000002f15a0e7590 JavaThread "Notification Thread"        daemon [_thread_blocked, id=2848, stack(0x000000f60cf00000,0x000000f60d000000) (1024K)]
=>0x000002f15a455d00 JavaThread "C2 CompilerThread1"         daemon [_thread_in_native, id=21984, stack(0x000000f60d000000,0x000000f60d100000) (1024K)]
  0x000002f15a5aedd0 JavaThread "C2 CompilerThread2"         daemon [_thread_in_native, id=11064, stack(0x000000f60d100000,0x000000f60d200000) (1024K)]
Total: 13

Other Threads:
  0x000002f17a5ae510 VMThread "VM Thread"                           [id=24524, stack(0x000000f60c500000,0x000000f60c600000) (1024K)]
  0x000002f1134dca00 WatcherThread "VM Periodic Task Thread"        [id=4520, stack(0x000000f60c400000,0x000000f60c500000) (1024K)]
  0x000002f17c85afe0 WorkerThread "GC Thread#0"                     [id=19644, stack(0x000000f60c300000,0x000000f60c400000) (1024K)]
  0x000002f15a43b740 WorkerThread "GC Thread#1"                     [id=9072, stack(0x000000f60d200000,0x000000f60d300000) (1024K)]
  0x000002f15a43a8c0 WorkerThread "GC Thread#2"                     [id=22616, stack(0x000000f60d300000,0x000000f60d400000) (1024K)]
  0x000002f15a43b3a0 WorkerThread "GC Thread#3"                     [id=22548, stack(0x000000f60d400000,0x000000f60d500000) (1024K)]
  0x000002f15a43bae0 WorkerThread "GC Thread#4"                     [id=20048, stack(0x000000f60d500000,0x000000f60d600000) (1024K)]
  0x000002f15a43be80 WorkerThread "GC Thread#5"                     [id=22628, stack(0x000000f60d600000,0x000000f60d700000) (1024K)]
  0x000002f15a43c220 WorkerThread "GC Thread#6"                     [id=12964, stack(0x000000f60d700000,0x000000f60d800000) (1024K)]
Total: 9

Threads with active compile tasks:
C2 CompilerThread0  1486 1391   !   4       lombok.patcher.ScriptManager$OurClassFileTransformer::transform (473 bytes)
C1 CompilerThread0  1486 1410       3       java.util.ArrayList::subList (20 bytes)
C2 CompilerThread1  1486 1378       4       org.lombokweb.asm.ClassReader::readUtf (161 bytes)
C2 CompilerThread2  1486 1402       4       java.util.Collections$UnmodifiableCollection$1::next (10 bytes)
Total: 4

VM state: not at safepoint (normal execution)

VM Mutex/Monitor currently owned by a thread: None

Heap address: 0x0000000080000000, size: 2048 MB, Compressed Oops mode: 32-bit

CDS archive(s) mapped at: [0x000002f114000000-0x000002f114ba0000-0x000002f114ba0000), size 12189696, SharedBaseAddress: 0x000002f114000000, ArchiveRelocationMode: 1.
Compressed class space mapped at: 0x000002f115000000-0x000002f155000000, reserved size: 1073741824
Narrow klass base: 0x000002f114000000, Narrow klass shift: 0, Narrow klass range: 0x100000000

GC Precious Log:
 CardTable entry size: 512
 CPUs: 8 total, 8 available
 Memory: 16265M
 Large Page Support: Disabled
 NUMA Support: Disabled
 Compressed Oops: Enabled (32-bit)
 Alignments: Space 512K, Generation 512K, Heap 2M
 Heap Min Capacity: 100M
 Heap Initial Capacity: 100M
 Heap Max Capacity: 2G
 Pre-touch: Disabled
 Parallel Workers: 8

Heap:
 PSYoungGen      total 29696K, used 16082K [0x00000000d5580000, 0x00000000d7680000, 0x0000000100000000)
  eden space 25600K, 49% used [0x00000000d5580000,0x00000000d61fe9c8,0x00000000d6e80000)
  from space 4096K, 80% used [0x00000000d6e80000,0x00000000d71b5ea8,0x00000000d7280000)
  to   space 4096K, 0% used [0x00000000d7280000,0x00000000d7280000,0x00000000d7680000)
 ParOldGen       total 68608K, used 16K [0x0000000080000000, 0x0000000084300000, 0x00000000d5580000)
  object space 68608K, 0% used [0x0000000080000000,0x0000000080004000,0x0000000084300000)
 Metaspace       used 6423K, committed 6784K, reserved 1114112K
  class space    used 656K, committed 832K, reserved 1048576K

Card table byte_map: [0x000002f17c1d0000,0x000002f17c5e0000] _byte_map_base: 0x000002f17bdd0000

Marking Bits: (ParMarkBitMap*) 0x00007ffb7d03a340
 Begin Bits: [0x000002f10f000000, 0x000002f111000000)
 End Bits:   [0x000002f111000000, 0x000002f113000000)

Polling page: 0x000002f17a800000

Metaspace:

Usage:
  Non-class:      5.64 MB used.
      Class:    656.26 KB used.
       Both:      6.28 MB used.

Virtual space:
  Non-class space:       64.00 MB reserved,       5.81 MB (  9%) committed,  1 nodes.
      Class space:        1.00 GB reserved,     832.00 KB ( <1%) committed,  1 nodes.
             Both:        1.06 GB reserved,       6.62 MB ( <1%) committed. 

Chunk freelists:
   Non-Class:  9.73 MB
       Class:  15.05 MB
        Both:  24.78 MB

MaxMetaspaceSize: unlimited
CompressedClassSpaceSize: 1.00 GB
Initial GC threshold: 21.00 MB
Current GC threshold: 21.00 MB
CDS: on
 - commit_granule_bytes: 65536.
 - commit_granule_words: 8192.
 - virtual_space_node_default_size: 8388608.
 - enlarge_chunks_in_place: 1.
 - use_allocation_guard: 0.


Internal statistics:

num_allocs_failed_limit: 0.
num_arena_births: 190.
num_arena_deaths: 0.
num_vsnodes_births: 2.
num_vsnodes_deaths: 0.
num_space_committed: 106.
num_space_uncommitted: 0.
num_chunks_returned_to_freelist: 0.
num_chunks_taken_from_freelist: 326.
num_chunk_merges: 0.
num_chunk_splits: 212.
num_chunks_enlarged: 136.
num_inconsistent_stats: 0.

CodeHeap 'non-profiled nmethods': size=120000Kb used=622Kb max_used=622Kb free=119378Kb
 bounds [0x000002f107ad0000, 0x000002f107d40000, 0x000002f10f000000]
CodeHeap 'profiled nmethods': size=120000Kb used=2415Kb max_used=2415Kb free=117584Kb
 bounds [0x000002f100000000, 0x000002f100270000, 0x000002f107530000]
CodeHeap 'non-nmethods': size=5760Kb used=1206Kb max_used=1239Kb free=4553Kb
 bounds [0x000002f107530000, 0x000002f1077a0000, 0x000002f107ad0000]
CodeCache: size=245760Kb, used=4243Kb, max_used=4276Kb, free=241515Kb
 total_blobs=1876, nmethods=1405, adapters=378, full_count=0
Compilation: enabled, stopped_count=0, restarted_count=0

Compilation events (20 events):
Event: 1.452 Thread 0x000002f1135deb70 nmethod 1377 0x000002f107b68f90 code [0x000002f107b69120, 0x000002f107b691e8]
Event: 1.452 Thread 0x000002f15a455d00 1378       4       org.lombokweb.asm.ClassReader::readUtf (161 bytes)
Event: 1.452 Thread 0x000002f15a5aedd0 1379       4       org.lombokweb.asm.ClassReader::getItem (7 bytes)
Event: 1.452 Thread 0x000002f1135deb70 1380       3       org.lombokweb.asm.SymbolTable$Entry::<init> (20 bytes)
Event: 1.453 Thread 0x000002f1135deb70 nmethod 1380 0x000002f10024b910 code [0x000002f10024bac0, 0x000002f10024bc18]
Event: 1.453 Thread 0x000002f1135deb70 1381       3       org.lombokweb.asm.SymbolTable::hash (15 bytes)
Event: 1.453 Thread 0x000002f1135deb70 nmethod 1381 0x000002f10024bd10 code [0x000002f10024bec0, 0x000002f10024c040]
Event: 1.453 Thread 0x000002f15a5aedd0 nmethod 1379 0x000002f107b69290 code [0x000002f107b69420, 0x000002f107b694f0]
Event: 1.453 Thread 0x000002f1135deb70 1382       3       org.lombokweb.asm.SymbolTable::addConstantMemberReference (29 bytes)
Event: 1.453 Thread 0x000002f1135deb70 nmethod 1382 0x000002f10024c190 code [0x000002f10024c380, 0x000002f10024c730]
Event: 1.453 Thread 0x000002f1135deb70 1384       3       org.lombokweb.asm.ClassReader::readInt (52 bytes)
Event: 1.454 Thread 0x000002f1135deb70 nmethod 1384 0x000002f10024ca10 code [0x000002f10024cbc0, 0x000002f10024cd98]
Event: 1.454 Thread 0x000002f1135deb70 1383       3       org.lombokweb.asm.SymbolTable$Entry::<init> (18 bytes)
Event: 1.454 Thread 0x000002f1135deb70 nmethod 1383 0x000002f10024cf10 code [0x000002f10024d0c0, 0x000002f10024d238]
Event: 1.454 Thread 0x000002f1135deb70 1385       3       org.lombokweb.asm.SymbolTable::addConstantNameAndType (28 bytes)
Event: 1.454 Thread 0x000002f1135deb70 nmethod 1385 0x000002f10024d310 code [0x000002f10024d500, 0x000002f10024d838]
Event: 1.454 Thread 0x000002f1135e11d0 1386       4       java.lang.String::<init> (14 bytes)
Event: 1.454 Thread 0x000002f15a5aedd0 1387       4       java.lang.String::<init> (74 bytes)
Event: 1.454 Thread 0x000002f1135deb70 1388       3       org.lombokweb.asm.SymbolTable::addConstantUtf8Reference (20 bytes)
Event: 1.455 Thread 0x000002f1135deb70 nmethod 1388 0x000002f10024da90 code [0x000002f10024dc60, 0x000002f10024df30]

GC Heap History (2 events):
Event: 0.971 GC heap before
{Heap before GC invocations=1 (full 0):
 PSYoungGen      total 29696K, used 25600K [0x00000000d5580000, 0x00000000d7680000, 0x0000000100000000)
  eden space 25600K, 100% used [0x00000000d5580000,0x00000000d6e80000,0x00000000d6e80000)
  from space 4096K, 0% used [0x00000000d7280000,0x00000000d7280000,0x00000000d7680000)
  to   space 4096K, 0% used [0x00000000d6e80000,0x00000000d6e80000,0x00000000d7280000)
 ParOldGen       total 68608K, used 0K [0x0000000080000000, 0x0000000084300000, 0x00000000d5580000)
  object space 68608K, 0% used [0x0000000080000000,0x0000000080000000,0x0000000084300000)
 Metaspace       used 4332K, committed 4544K, reserved 1114112K
  class space    used 473K, committed 576K, reserved 1048576K
}
Event: 0.978 GC heap after
{Heap after GC invocations=1 (full 0):
 PSYoungGen      total 29696K, used 3287K [0x00000000d5580000, 0x00000000d7680000, 0x0000000100000000)
  eden space 25600K, 0% used [0x00000000d5580000,0x00000000d5580000,0x00000000d6e80000)
  from space 4096K, 80% used [0x00000000d6e80000,0x00000000d71b5ea8,0x00000000d7280000)
  to   space 4096K, 0% used [0x00000000d7280000,0x00000000d7280000,0x00000000d7680000)
 ParOldGen       total 68608K, used 16K [0x0000000080000000, 0x0000000084300000, 0x00000000d5580000)
  object space 68608K, 0% used [0x0000000080000000,0x0000000080004000,0x0000000084300000)
 Metaspace       used 4332K, committed 4544K, reserved 1114112K
  class space    used 473K, committed 576K, reserved 1048576K
}

Dll operation events (8 events):
Event: 0.051 Loaded shared library c:\Users\Voary\.vscode\extensions\redhat.java-1.47.0-win32-x64\jre\21.0.8-win32-x86_64\bin\java.dll
Event: 0.132 Loaded shared library c:\Users\Voary\.vscode\extensions\redhat.java-1.47.0-win32-x64\jre\21.0.8-win32-x86_64\bin\zip.dll
Event: 0.158 Loaded shared library C:\Users\Voary\.vscode\extensions\redhat.java-1.47.0-win32-x64\jre\21.0.8-win32-x86_64\bin\instrument.dll
Event: 0.163 Loaded shared library C:\Users\Voary\.vscode\extensions\redhat.java-1.47.0-win32-x64\jre\21.0.8-win32-x86_64\bin\net.dll
Event: 0.165 Loaded shared library C:\Users\Voary\.vscode\extensions\redhat.java-1.47.0-win32-x64\jre\21.0.8-win32-x86_64\bin\nio.dll
Event: 0.168 Loaded shared library C:\Users\Voary\.vscode\extensions\redhat.java-1.47.0-win32-x64\jre\21.0.8-win32-x86_64\bin\zip.dll
Event: 0.185 Loaded shared library C:\Users\Voary\.vscode\extensions\redhat.java-1.47.0-win32-x64\jre\21.0.8-win32-x86_64\bin\jimage.dll
Event: 0.253 Loaded shared library c:\Users\Voary\.vscode\extensions\redhat.java-1.47.0-win32-x64\jre\21.0.8-win32-x86_64\bin\verify.dll

Deoptimization events (20 events):
Event: 1.323 Thread 0x000002f17c84af60 DEOPT PACKING pc=0x000002f100096d0d sp=0x000000f60c2f4550
Event: 1.323 Thread 0x000002f17c84af60 DEOPT UNPACKING pc=0x000002f107584242 sp=0x000000f60c2f3a00 mode 0
Event: 1.328 Thread 0x000002f17c84af60 DEOPT PACKING pc=0x000002f100096d0d sp=0x000000f60c2f4550
Event: 1.328 Thread 0x000002f17c84af60 DEOPT UNPACKING pc=0x000002f107584242 sp=0x000000f60c2f3a00 mode 0
Event: 1.338 Thread 0x000002f17c84af60 DEOPT PACKING pc=0x000002f100096d0d sp=0x000000f60c2f8010
Event: 1.338 Thread 0x000002f17c84af60 DEOPT UNPACKING pc=0x000002f107584242 sp=0x000000f60c2f74c0 mode 0
Event: 1.352 Thread 0x000002f17c84af60 DEOPT PACKING pc=0x000002f100096d0d sp=0x000000f60c2f7fd0
Event: 1.352 Thread 0x000002f17c84af60 DEOPT UNPACKING pc=0x000002f107584242 sp=0x000000f60c2f7480 mode 0
Event: 1.363 Thread 0x000002f17c84af60 DEOPT PACKING pc=0x000002f100096d0d sp=0x000000f60c2f4200
Event: 1.363 Thread 0x000002f17c84af60 DEOPT UNPACKING pc=0x000002f107584242 sp=0x000000f60c2f36b0 mode 0
Event: 1.372 Thread 0x000002f17c84af60 DEOPT PACKING pc=0x000002f100096d0d sp=0x000000f60c2f7ba0
Event: 1.372 Thread 0x000002f17c84af60 DEOPT UNPACKING pc=0x000002f107584242 sp=0x000000f60c2f7050 mode 0
Event: 1.385 Thread 0x000002f17c84af60 Uncommon trap: trap_request=0xffffffc6 fr.pc=0x000002f107b0b484 relative=0x00000000000002c4
Event: 1.385 Thread 0x000002f17c84af60 Uncommon trap: reason=bimorphic_or_optimized_type_check action=maybe_recompile pc=0x000002f107b0b484 method=java.util.Collections$UnmodifiableCollection$1.next()Ljava/lang/Object; @ 4 c2
Event: 1.385 Thread 0x000002f17c84af60 DEOPT PACKING pc=0x000002f107b0b484 sp=0x000000f60c2f8790
Event: 1.385 Thread 0x000002f17c84af60 DEOPT UNPACKING pc=0x000002f107583aa2 sp=0x000000f60c2f8740 mode 2
Event: 1.385 Thread 0x000002f17c84af60 Uncommon trap: trap_request=0xffffffc6 fr.pc=0x000002f107b0b484 relative=0x00000000000002c4
Event: 1.385 Thread 0x000002f17c84af60 Uncommon trap: reason=bimorphic_or_optimized_type_check action=maybe_recompile pc=0x000002f107b0b484 method=java.util.Collections$UnmodifiableCollection$1.next()Ljava/lang/Object; @ 4 c2
Event: 1.385 Thread 0x000002f17c84af60 DEOPT PACKING pc=0x000002f107b0b484 sp=0x000000f60c2f8790
Event: 1.385 Thread 0x000002f17c84af60 DEOPT UNPACKING pc=0x000002f107583aa2 sp=0x000000f60c2f8740 mode 2

Classes loaded (20 events):
Event: 1.220 Loading class java/util/concurrent/SynchronousQueue$Transferer
Event: 1.220 Loading class java/util/concurrent/LinkedTransferQueue
Event: 1.220 Loading class java/util/concurrent/TransferQueue
Event: 1.221 Loading class java/util/concurrent/TransferQueue done
Event: 1.221 Loading class java/util/concurrent/LinkedTransferQueue done
Event: 1.221 Loading class java/util/concurrent/SynchronousQueue$Transferer done
Event: 1.221 Loading class java/util/concurrent/LinkedTransferQueue$DualNode
Event: 1.221 Loading class java/util/concurrent/LinkedTransferQueue$DualNode done
Event: 1.222 Loading class java/util/concurrent/RejectedExecutionHandler
Event: 1.222 Loading class java/util/concurrent/RejectedExecutionHandler done
Event: 1.222 Loading class java/util/concurrent/LinkedBlockingQueue
Event: 1.223 Loading class java/util/concurrent/LinkedBlockingQueue done
Event: 1.223 Loading class java/util/concurrent/LinkedBlockingQueue$Node
Event: 1.223 Loading class java/util/concurrent/LinkedBlockingQueue$Node done
Event: 1.237 Loading class java/util/concurrent/Semaphore$NonfairSync
Event: 1.237 Loading class java/util/concurrent/Semaphore$Sync
Event: 1.237 Loading class java/util/concurrent/Semaphore$Sync done
Event: 1.237 Loading class java/util/concurrent/Semaphore$NonfairSync done
Event: 1.303 Loading class java/lang/TypeNotPresentException
Event: 1.303 Loading class java/lang/TypeNotPresentException done

Classes unloaded (0 events):
No events

Classes redefined (0 events):
No events

Internal exceptions (20 events):
Event: 0.578 Thread 0x000002f17c84af60 Exception <a 'java/io/FileNotFoundException'{0x00000000d64c3ac0}> (0x00000000d64c3ac0) 
thrown [s\src\hotspot\share\prims\jni.cpp, line 520]
Event: 0.579 Thread 0x000002f17c84af60 Exception <a 'java/io/FileNotFoundException'{0x00000000d64c5160}> (0x00000000d64c5160) 
thrown [s\src\hotspot\share\prims\jni.cpp, line 520]
Event: 0.579 Thread 0x000002f17c84af60 Exception <a 'java/io/FileNotFoundException'{0x00000000d64c6128}> (0x00000000d64c6128) 
thrown [s\src\hotspot\share\prims\jni.cpp, line 520]
Event: 0.579 Thread 0x000002f17c84af60 Exception <a 'java/io/FileNotFoundException'{0x00000000d64c6fb8}> (0x00000000d64c6fb8) 
thrown [s\src\hotspot\share\prims\jni.cpp, line 520]
Event: 0.589 Thread 0x000002f17c84af60 Exception <a 'java/io/FileNotFoundException'{0x00000000d6501450}> (0x00000000d6501450) 
thrown [s\src\hotspot\share\prims\jni.cpp, line 520]
Event: 0.607 Thread 0x000002f17c84af60 Exception <a 'java/lang/NoSuchMethodError'{0x00000000d653cb68}: 'java.lang.Object java.lang.invoke.DirectMethodHandle$Holder.invokeInterface(java.lang.Object, java.lang.Object)'> (0x00000000d653cb68) 
thrown [s\src\hotspot\share\interpreter\linkResolver.cpp, line 773]
Event: 0.611 Thread 0x000002f17c84af60 Exception <a 'java/lang/NoSuchMethodError'{0x00000000d6550658}: 'java.lang.Object java.lang.invoke.Invokers$Holder.invokeExact_MT(java.lang.Object, java.lang.Object, java.lang.Object, java.lang.Object, java.lang.Object, java.lang.Object)'> (0x00000000d6550658) 
thrown [s\src\hotspot\share\interpreter\linkResolver.cpp, line 773]
Event: 0.620 Thread 0x000002f17c84af60 Exception <a 'java/lang/NoSuchMethodError'{0x00000000d65678b0}: 'int java.lang.invoke.DirectMethodHandle$Holder.invokeStatic(java.lang.Object, java.lang.Object, java.lang.Object, java.lang.Object, java.lang.Object)'> (0x00000000d65678b0) 
thrown [s\src\hotspot\share\interpreter\linkResolver.cpp, line 773]
Event: 0.692 Thread 0x000002f17c84af60 Exception <a 'java/lang/NoSuchMethodError'{0x00000000d65fb2c0}: 'java.lang.Object java.lang.invoke.DirectMethodHandle$Holder.invokeInterface(java.lang.Object, java.lang.Object, int)'> (0x00000000d65fb2c0) 
thrown [s\src\hotspot\share\interpreter\linkResolver.cpp, line 773]
Event: 0.889 Thread 0x000002f17c84af60 Exception <a 'java/lang/NoSuchMethodError'{0x00000000d6a61450}: 'java.lang.ClassLoader java.lang.ClassLoader.getPlatformClassLoader(java.lang.Class)'> (0x00000000d6a61450) 
thrown [s\src\hotspot\share\interpreter\linkResolver.cpp, line 773]
Event: 0.970 Thread 0x000002f17c84af60 Exception <a 'java/lang/ClassNotFoundException'{0x00000000d6e7de68}: sun/net/www/protocol/c/Handler> (0x00000000d6e7de68) 
thrown [s\src\hotspot\share\classfile\systemDictionary.cpp, line 312]
Event: 0.971 Thread 0x000002f17c84af60 Exception <a 'java/lang/ClassNotFoundException'{0x00000000d6e7f1f8}: sun/net/www/protocol/e/Handler> (0x00000000d6e7f1f8) 
thrown [s\src\hotspot\share\classfile\systemDictionary.cpp, line 312]
Event: 0.978 Thread 0x000002f17c84af60 Exception <a 'java/lang/ClassNotFoundException'{0x00000000d5580608}: sun/net/www/protocol/c/Handler> (0x00000000d5580608) 
thrown [s\src\hotspot\share\classfile\systemDictionary.cpp, line 312]
Event: 0.986 Thread 0x000002f17c84af60 Exception <a 'java/io/FileNotFoundException'{0x00000000d55a50f0}> (0x00000000d55a50f0) 
thrown [s\src\hotspot\share\prims\jni.cpp, line 520]
Event: 1.024 Thread 0x000002f17c84af60 Implicit null exception at 0x000002f107b2dc29 to 0x000002f107b2e4dc
Event: 1.024 Thread 0x000002f17c84af60 Implicit null exception at 0x000002f107b3341a to 0x000002f107b33638
Event: 1.025 Thread 0x000002f17c84af60 Exception <a 'java/lang/NoSuchMethodError'{0x00000000d5794528}: 'void java.lang.invoke.DirectMethodHandle$Holder.invokeStatic(java.lang.Object, java.lang.Object, java.lang.Object, java.lang.Object)'> (0x00000000d5794528) 
thrown [s\src\hotspot\share\interpreter\linkResolver.cpp, line 773]
Event: 1.026 Thread 0x000002f17c84af60 Implicit null exception at 0x000002f107b30140 to 0x000002f107b30414
Event: 1.026 Thread 0x000002f17c84af60 Implicit null exception at 0x000002f107b2eec0 to 0x000002f107b2ef45
Event: 1.190 Thread 0x000002f17c84af60 Exception <a 'java/lang/NoSuchMethodError'{0x00000000d5a09cc8}: 'void java.lang.invoke.DirectMethodHandle$Holder.invokeSpecial(java.lang.Object, java.lang.Object, java.lang.Object)'> (0x00000000d5a09cc8) 
thrown [s\src\hotspot\share\interpreter\linkResolver.cpp, line 773]

ZGC Phase Switch (0 events):
No events

VM Operations (14 events):
Event: 0.130 Executing VM operation: HandshakeAllThreads (Deoptimize)
Event: 0.130 Executing VM operation: HandshakeAllThreads (Deoptimize) done
Event: 0.195 Executing VM operation: HandshakeAllThreads (Deoptimize)
Event: 0.195 Executing VM operation: HandshakeAllThreads (Deoptimize) done
Event: 0.522 Executing VM operation: HandshakeAllThreads (Deoptimize)
Event: 0.522 Executing VM operation: HandshakeAllThreads (Deoptimize) done
Event: 0.544 Executing VM operation: HandshakeAllThreads (Deoptimize)
Event: 0.544 Executing VM operation: HandshakeAllThreads (Deoptimize) done
Event: 0.939 Executing VM operation: ICBufferFull
Event: 0.939 Executing VM operation: ICBufferFull done
Event: 0.948 Executing VM operation: HandshakeAllThreads (Deoptimize)
Event: 0.948 Executing VM operation: HandshakeAllThreads (Deoptimize) done
Event: 0.971 Executing VM operation: ParallelGCFailedAllocation (Allocation Failure)
Event: 0.978 Executing VM operation: ParallelGCFailedAllocation (Allocation Failure) done

Memory protections (0 events):
No events

Nmethod flushes (0 events):
No events

Events (13 events):
Event: 0.078 Thread 0x000002f17c84af60 Thread added: 0x000002f17c84af60
Event: 0.093 Thread 0x000002f17c84af60 Thread added: 0x000002f1135ccb10
Event: 0.094 Thread 0x000002f17c84af60 Thread added: 0x000002f1135d0280
Event: 0.094 Thread 0x000002f17c84af60 Thread added: 0x000002f1135d2200
Event: 0.094 Thread 0x000002f17c84af60 Thread added: 0x000002f1135d52a0
Event: 0.094 Thread 0x000002f17c84af60 Thread added: 0x000002f1135d6900
Event: 0.094 Thread 0x000002f17c84af60 Thread added: 0x000002f1135dd130
Event: 0.094 Thread 0x000002f17c84af60 Thread added: 0x000002f1135e11d0
Event: 0.094 Thread 0x000002f17c84af60 Thread added: 0x000002f1135deb70
Event: 0.117 Thread 0x000002f17c84af60 Thread added: 0x000002f15a0e8fd0
Event: 0.341 Thread 0x000002f17c84af60 Thread added: 0x000002f15a0e7590
Event: 0.434 Thread 0x000002f1135deb70 Thread added: 0x000002f15a455d00
Event: 0.467 Thread 0x000002f15a455d00 Thread added: 0x000002f15a5aedd0


Dynamic libraries:
0x00007ff6244f0000 - 0x00007ff6244fe000 	c:\Users\Voary\.vscode\extensions\redhat.java-1.47.0-win32-x64\jre\21.0.8-win32-x86_64\bin\java.exe
0x00007ffc32e30000 - 0x00007ffc33048000 	C:\Windows\SYSTEM32\ntdll.dll
0x00007ffc32080000 - 0x00007ffc32144000 	C:\Windows\System32\KERNEL32.DLL
0x00007ffc306c0000 - 0x00007ffc30a93000 	C:\Windows\System32\KERNELBASE.dll
0x00007ffc2bdf0000 - 0x00007ffc2be87000 	C:\Windows\SYSTEM32\apphelp.dll
0x00007ffc30120000 - 0x00007ffc30231000 	C:\Windows\System32\ucrtbase.dll
0x00007ffc29980000 - 0x00007ffc2999e000 	c:\Users\Voary\.vscode\extensions\redhat.java-1.47.0-win32-x64\jre\21.0.8-win32-x86_64\bin\VCRUNTIME140.dll
0x00007ffc09860000 - 0x00007ffc09878000 	c:\Users\Voary\.vscode\extensions\redhat.java-1.47.0-win32-x64\jre\21.0.8-win32-x86_64\bin\jli.dll
0x00007ffc319f0000 - 0x00007ffc31ba2000 	C:\Windows\System32\USER32.dll
0x00007ffc1ba40000 - 0x00007ffc1bcdc000 	C:\Windows\WinSxS\amd64_microsoft.windows.common-controls_6595b64144ccf1df_6.0.22621.6060_none_2712eda17382d24b\COMCTL32.dll
0x00007ffc30aa0000 - 0x00007ffc30ac6000 	C:\Windows\System32\win32u.dll
0x00007ffc32b80000 - 0x00007ffc32c27000 	C:\Windows\System32\msvcrt.dll
0x00007ffc31d10000 - 0x00007ffc31d39000 	C:\Windows\System32\GDI32.dll
0x00007ffc305a0000 - 0x00007ffc306bb000 	C:\Windows\System32\gdi32full.dll
0x00007ffc30000000 - 0x00007ffc3009a000 	C:\Windows\System32\msvcp_win.dll
0x00007ffc32040000 - 0x00007ffc32071000 	C:\Windows\System32\IMM32.DLL
0x00007ffc2cac0000 - 0x00007ffc2cacc000 	c:\Users\Voary\.vscode\extensions\redhat.java-1.47.0-win32-x64\jre\21.0.8-win32-x86_64\bin\vcruntime140_1.dll
0x00007ffbd46d0000 - 0x00007ffbd475d000 	c:\Users\Voary\.vscode\extensions\redhat.java-1.47.0-win32-x64\jre\21.0.8-win32-x86_64\bin\msvcp140.dll
0x00007ffb7c380000 - 0x00007ffb7d117000 	c:\Users\Voary\.vscode\extensions\redhat.java-1.47.0-win32-x64\jre\21.0.8-win32-x86_64\bin\server\jvm.dll
0x00007ffc32ac0000 - 0x00007ffc32b71000 	C:\Windows\System32\ADVAPI32.dll
0x00007ffc32d40000 - 0x00007ffc32de8000 	C:\Windows\System32\sechost.dll
0x00007ffc30400000 - 0x00007ffc30428000 	C:\Windows\System32\bcrypt.dll
0x00007ffc31d40000 - 0x00007ffc31e58000 	C:\Windows\System32\RPCRT4.dll
0x00007ffc31c90000 - 0x00007ffc31d01000 	C:\Windows\System32\WS2_32.dll
0x00007ffc2a3a0000 - 0x00007ffc2a3d4000 	C:\Windows\SYSTEM32\WINMM.dll
0x00007ffc2f870000 - 0x00007ffc2f8bd000 	C:\Windows\SYSTEM32\POWRPROF.dll
0x00007ffc2bdc0000 - 0x00007ffc2bdca000 	C:\Windows\SYSTEM32\VERSION.dll
0x00007ffc2f850000 - 0x00007ffc2f863000 	C:\Windows\SYSTEM32\UMPDC.dll
0x00007ffc2eee0000 - 0x00007ffc2eef8000 	C:\Windows\SYSTEM32\kernel.appcore.dll
0x00007ffc1c320000 - 0x00007ffc1c32a000 	c:\Users\Voary\.vscode\extensions\redhat.java-1.47.0-win32-x64\jre\21.0.8-win32-x86_64\bin\jimage.dll
0x00007ffc22740000 - 0x00007ffc22973000 	C:\Windows\SYSTEM32\DBGHELP.DLL
0x00007ffc30ae0000 - 0x00007ffc30e71000 	C:\Windows\System32\combase.dll
0x00007ffc31bb0000 - 0x00007ffc31c88000 	C:\Windows\System32\OLEAUT32.dll
0x00007ffc19d40000 - 0x00007ffc19d72000 	C:\Windows\SYSTEM32\dbgcore.DLL
0x00007ffc300a0000 - 0x00007ffc3011b000 	C:\Windows\System32\bcryptPrimitives.dll
0x00007ffc17e20000 - 0x00007ffc17e2f000 	c:\Users\Voary\.vscode\extensions\redhat.java-1.47.0-win32-x64\jre\21.0.8-win32-x86_64\bin\instrument.dll
0x00007ffc09730000 - 0x00007ffc0974f000 	c:\Users\Voary\.vscode\extensions\redhat.java-1.47.0-win32-x64\jre\21.0.8-win32-x86_64\bin\java.dll
0x00007ffc31030000 - 0x00007ffc318cc000 	C:\Windows\System32\SHELL32.dll
0x00007ffc302c0000 - 0x00007ffc303ff000 	C:\Windows\System32\wintypes.dll
0x00007ffc2ddf0000 - 0x00007ffc2e70a000 	C:\Windows\SYSTEM32\windows.storage.dll
0x00007ffc32c30000 - 0x00007ffc32d34000 	C:\Windows\System32\SHCORE.dll
0x00007ffc32940000 - 0x00007ffc329a9000 	C:\Windows\System32\shlwapi.dll
0x00007ffc2fe70000 - 0x00007ffc2fe95000 	C:\Windows\SYSTEM32\profapi.dll
0x00007ffc07840000 - 0x00007ffc07858000 	c:\Users\Voary\.vscode\extensions\redhat.java-1.47.0-win32-x64\jre\21.0.8-win32-x86_64\bin\zip.dll
0x00007ffc17de0000 - 0x00007ffc17df0000 	C:\Users\Voary\.vscode\extensions\redhat.java-1.47.0-win32-x64\jre\21.0.8-win32-x86_64\bin\net.dll
0x00007ffc29dd0000 - 0x00007ffc29efc000 	C:\Windows\SYSTEM32\WINHTTP.dll
0x00007ffc2f3a0000 - 0x00007ffc2f409000 	C:\Windows\system32\mswsock.dll
0x00007ffc02410000 - 0x00007ffc02426000 	C:\Users\Voary\.vscode\extensions\redhat.java-1.47.0-win32-x64\jre\21.0.8-win32-x86_64\bin\nio.dll
0x00007ffc17b40000 - 0x00007ffc17b50000 	c:\Users\Voary\.vscode\extensions\redhat.java-1.47.0-win32-x64\jre\21.0.8-win32-x86_64\bin\verify.dll

JVMTI agents:
c:\Users\Voary\.vscode\extensions\redhat.java-1.47.0-win32-x64\lombok\lombok-1.18.39-4050.jar path:c:\Users\Voary\.vscode\extensions\redhat.java-1.47.0-win32-x64\jre\21.0.8-win32-x86_64\bin\instrument.dll, loaded, initialized, instrumentlib options:none

dbghelp: loaded successfully - version: 4.0.5 - missing functions: none
symbol engine: initialized successfully - sym options: 0x614 - pdb path: .;c:\Users\Voary\.vscode\extensions\redhat.java-1.47.0-win32-x64\jre\21.0.8-win32-x86_64\bin;C:\Windows\SYSTEM32;C:\Windows\WinSxS\amd64_microsoft.windows.common-controls_6595b64144ccf1df_6.0.22621.6060_none_2712eda17382d24b;c:\Users\Voary\.vscode\extensions\redhat.java-1.47.0-win32-x64\jre\21.0.8-win32-x86_64\bin\server

VM Arguments:
jvm_args: --add-modules=ALL-SYSTEM --add-opens=java.base/java.util=ALL-UNNAMED --add-opens=java.base/java.lang=ALL-UNNAMED --add-opens=java.base/sun.nio.fs=ALL-UNNAMED -Declipse.application=org.eclipse.jdt.ls.core.id1 -Dosgi.bundles.defaultStartLevel=4 -Declipse.product=org.eclipse.jdt.ls.core.product -Djava.import.generatesMetadataFilesAtProjectRoot=false -DDetectVMInstallationsJob.disabled=true -Dfile.encoding=utf8 -XX:+UseParallelGC -XX:GCTimeRatio=4 -XX:AdaptiveSizePolicyWeight=90 -Dsun.zip.disableMemoryMapping=true -Xmx2G -Xms100m -Xlog:disable -javaagent:c:\Users\Voary\.vscode\extensions\redhat.java-1.47.0-win32-x64\lombok\lombok-1.18.39-4050.jar 
java_command: c:\Users\Voary\.vscode\extensions\redhat.java-1.47.0-win32-x64\server\plugins\org.eclipse.equinox.launcher_1.7.100.v20251014-1222.jar -configuration c:\Users\Voary\AppData\Roaming\Code\User\globalStorage\redhat.java\1.47.0\config_ss_win -data c:\Users\Voary\AppData\Roaming\Code\User\workspaceStorage\5295a063f70e5618d1568d30b99b9ba0\redhat.java\ss_ws --pipe=\\.\pipe\lsp-e5aacaa2e63eac77ac08ba92690bfb6e-sock
java_class_path (initial): c:\Users\Voary\.vscode\extensions\redhat.java-1.47.0-win32-x64\server\plugins\org.eclipse.equinox.launcher_1.7.100.v20251014-1222.jar
Launcher Type: SUN_STANDARD

[Global flags]
    uintx AdaptiveSizePolicyWeight                 = 90                                        {product} {command line}
     intx CICompilerCount                          = 4                                         {product} {ergonomic}
    uintx GCTimeRatio                              = 4                                         {product} {command line}
   size_t InitialHeapSize                          = 104857600                                 {product} {command line}
   size_t MaxHeapSize                              = 2147483648                                {product} {command line}
   size_t MaxNewSize                               = 715653120                                 {product} {ergonomic}
   size_t MinHeapDeltaBytes                        = 524288                                    {product} {ergonomic}
   size_t MinHeapSize                              = 104857600                                 {product} {command line}
   size_t NewSize                                  = 34603008                                  {product} {ergonomic}
    uintx NonNMethodCodeHeapSize                   = 5839372                                {pd product} {ergonomic}
    uintx NonProfiledCodeHeapSize                  = 122909434                              {pd product} {ergonomic}
   size_t OldSize                                  = 70254592                                  {product} {ergonomic}
    uintx ProfiledCodeHeapSize                     = 122909434                              {pd product} {ergonomic}
    uintx ReservedCodeCacheSize                    = 251658240                              {pd product} {ergonomic}
     bool SegmentedCodeCache                       = true                                      {product} {ergonomic}
   size_t SoftMaxHeapSize                          = 2147483648                             {manageable} {ergonomic}
     bool UseCompressedOops                        = true                           {product lp64_product} {ergonomic}
     bool UseLargePagesIndividualAllocation        = false                                  {pd product} {ergonomic}
     bool UseParallelGC                            = true                                      {product} {command line}

Logging:
Log output configuration:
 #0: stdout all=off uptime,level,tags foldmultilines=false
 #1: stderr all=off uptime,level,tags foldmultilines=false

Environment Variables:
JAVA_HOME=C:\Program Files\Java\jdk-17
CLASSPATH=.;C:\apache-tomcat-10.1.28\lib\servlet-api.jar;
PATH=E:\app\Voary\product\11.2.0\dbhome_1\bin;C:\Python313\Scripts\;C:\Python313\;c:\Users\Voary\AppData\Local\Programs\cursor\resources\app\bin;C:\Program Files\Common Files\Oracle\Java\javapath;C:\Windows\system32;C:\Windows;C:\Windows\System32\Wbem;C:\Windows\System32\WindowsPowerShell\v1.0\;C:\Program Files\Java\jdk-17\bin;C:\Windows\System32\OpenSSH\;C:\Program Files\dotnet\;C:\Program Files (x86)\NVIDIA Corporation\PhysX\Common;C:\Program Files\Microsoft SQL Server\150\Tools\Binn\;C:\xampp\php;C:\TDM-GCC-64\bin;C:\Users\Voary\Documents\RESEAUX;C:\apache-tomcat-10.1.34\bin;C:\Program Files\Git\cmd;C:\Users\Voary\AppData\Local\Microsoft\WindowsApps;E:\LOG\Installer\IntelliJ IDEA 2023.1\bin;C:\Program Files\Java\jdk-17\bin;C:\Users\Voary\.dotnet\tools;E:\LOG\cursor\resources\app\bin;C:\apache-tomcat-10.1.31\bin;C:\Users\Voary\AppData\Local\Packages\PythonSoftwareFoundation.Python.3.11_qbz5n2kfra8p0\LocalCache\local-packages\Python311\Scripts\jupyter.exe;C:\Users\Voary\AppData\Local\Packages\PythonSoftwareFoundation.Python.3.11_qbz5n2kfra8p0\LocalCache\local-packages\Python311\Scripts;E:\ITU\Nouveau dossier (2)\Nouveau dossier\miktex\bin\x64;E:\LOG\Node;C:\ProgramData\chocolatey\bin;E:\ITU\S4\apache-maven-3.9.9-bin\apache-maven-3.9.9\bin;C:\Program Files\PostgreSQL\17\bin;C:\Program Files\NVIDIA Corporation\NVIDIA App\NvDLISR;C:\Program Files\cursor\resources\app\bin;C:\Program Files\Docker\Docker\resources\bin;E:\LOG\wildfly-27.0.1.Final\bin;E:\LOG\apache-ant-1.10.15-bin\bin;E:\LOG\apache-ant-1.10.15-bin\bin;E:\app\Voary\product\11.2.0\dbhome_1\bin;C:\Python313\Scripts\;C:\Python313\;c:\Users\Voary\AppData\Local\Programs\cursor\resources\app\bin;C:\Program Files\Common Files\Oracle\Java\javapath;C:\Windows\system32;C:\Windows;C:\Windows\System32\Wbem;C:\Windows\System32\WindowsPowerShell\v1.0\;C:\Program Files\Java\jdk-17\bin;C:\Windows\System32\OpenSSH\;C:\Program Files\dotnet\;C:\Program Files (x86)\NVIDIA Corporation\PhysX\Common;C:\Program Files\Microsoft SQL Server\150\Tools\Binn\;C:\xampp\php;C:\TDM-GCC-64\bin;C:\Users\Voary\Documents\RESEAUX;C:\apache-tomcat-10.1.34\bin;C:\Program Files\Git\cmd;C:\Users\Voary\AppData\Local\Microsoft\WindowsApps;E:\LOG\Installer\IntelliJ IDEA 2023.1\bin;C:\Program Files\Java\jdk-17\bin;C:\Users\Voary\.dotnet\tools;E:\LOG\cursor\resources\app\bin;C:\apache-tomcat-10.1.31\bin;C:\Users\Voary\AppData\Local\Packages\PythonSoftwareFoundation.Python.3.11_qbz5n2kfra8p0\LocalCache\local-packages\Python311\Scripts\jupyter.exe;C:\Users\Voary\AppData\Local\Packages\PythonSoftwareFoundation.Python.3.11_qbz5n2kfra8p0\LocalCache\local-packages\Python311\Scripts;E:\ITU\Nouveau dossier (2)\Nouveau dossier\miktex\bin\x64;E:\LOG\Node;C:\ProgramData\chocolatey\bin;E:\ITU\S4\apache-maven-3.9.9-bin\apache-maven-3.9.9\bin;C:\Program Files\PostgreSQL\17\bin;C:\Program Files\NVIDIA Corporation\NVIDIA App\NvDLISR;C:\Program Files\cursor\resources\app\bin;C:\Program Files\Docker\Docker\resources\bin;E:\LOG\wildfly-27.0.1.Final\bin;E:\LOG\apache-ant-1.10.15-bin\bin;;C:\Users\Voary\AppData\Local\Programs\Microsoft VS Code\bin;C:\Users\Voary\AppData\Local\GitHubDesktop\bin
USERNAME=Voary
OS=Windows_NT
PROCESSOR_IDENTIFIER=Intel64 Family 6 Model 158 Stepping 9, GenuineIntel
TMP=C:\Users\Voary\AppData\Local\Temp
TEMP=C:\Users\Voary\AppData\Local\Temp




Periodic native trim disabled

---------------  S Y S T E M  ---------------

OS:
 Windows 11 , 64 bit Build 22621 (10.0.22621.5415)
OS uptime: 0 days 2:52 hours
Hyper-V role detected

CPU: total 8 (initial active 8) (4 cores per cpu, 2 threads per core) family 6 model 158 stepping 9 microcode 0xde, cx8, cmov, fxsr, ht, mmx, 3dnowpref, sse, sse2, sse3, ssse3, sse4.1, sse4.2, popcnt, lzcnt, tsc, tscinvbit, avx, avx2, aes, erms, clmul, bmi1, bmi2, adx, fma, vzeroupper, clflush, clflushopt, hv, rdtscp, f16c
Processor Information for the first 8 processors :
  Max Mhz: 2808, Current Mhz: 2808, Mhz Limit: 2808

Memory: 4k page, system-wide physical 16265M (5412M free)
TotalPageFile size 20361M (AvailPageFile size 6M)
current process WorkingSet (physical memory assigned to process): 85M, peak: 89M
current process commit charge ("private bytes"): 238M, peak: 241M

vm_info: OpenJDK 64-Bit Server VM (21.0.8+9-LTS) for windows-amd64 JRE (21.0.8+9-LTS), built on 2025-07-15T00:00:00Z by "admin" with MS VC++ 17.7 (VS2022)

END.
